// Jest Snapshot v1, https://goo.gl/fbAQLP

exports[`<Home /> should render correctly 1`] = `
.c10 {
  display: -webkit-box;
  display: -webkit-flex;
  display: -ms-flexbox;
  display: flex;
  cursor: pointer;
  padding: 1.6rem;
  border: none;
  gap: 1.6rem;
  border-radius: 0.5rem;
  box-shadow: 0px 0px 8px rgba(0,0,0,0.15);
  -webkit-align-items: center;
  -webkit-box-align: center;
  -ms-flex-align: center;
  align-items: center;
  background: #fff;
}

.c11 {
  width: 4rem;
  height: 4rem;
}

.c14 {
  width: 10rem;
  height: 8rem;
}

.c12 {
  display: -webkit-box;
  display: -webkit-flex;
  display: -ms-flexbox;
  display: flex;
  -webkit-flex-direction: column;
  -ms-flex-direction: column;
  flex-direction: column;
  gap: 0.8rem;
}

.c12 h3,
.c12 h4 {
  text-align: left;
  color: #212D22;
}

.c15 {
  color: #394338;
  font-size: 1.4rem;
}

.c18 {
  color: #394338;
  width: -webkit-fit-content;
  width: -moz-fit-content;
  width: fit-content;
}

.c19 {
  font-size: 1.2rem;
}

.c6 {
  width: 4.6rem;
  height: 3.9rem;
}

.c0 {
  display: -webkit-box;
  display: -webkit-flex;
  display: -ms-flexbox;
  display: flex;
  -webkit-flex-direction: column;
  -ms-flex-direction: column;
  flex-direction: column;
  -webkit-align-items: center;
  -webkit-box-align: center;
  -ms-flex-align: center;
  align-items: center;
  gap: 2.4rem;
  overflow-y: auto;
  height: 100vh;
}

.c0 .c17 {
  margin-top: min(2vh,3.2rem);
}

.c2 {
  -webkit-flex: 2;
  -ms-flex: 2;
  flex: 2;
  display: -webkit-box;
  display: -webkit-flex;
  display: -ms-flexbox;
  display: flex;
  -webkit-align-items: center;
  -webkit-box-align: center;
  -ms-flex-align: center;
  align-items: center;
  -webkit-flex-direction: column;
  -ms-flex-direction: column;
  flex-direction: column;
  -webkit-box-pack: center;
  -webkit-justify-content: center;
  -ms-flex-pack: center;
  justify-content: center;
  font-family: 'Pacifico','Segoe UI',Roboto,Oxygen,Ubuntu,Cantarell,'Open Sans','Helvetica Neue',sans-serif;
  color: #394338;
  line-height: 1.4;
}

.c5 {
  display: -webkit-box;
  display: -webkit-flex;
  display: -ms-flexbox;
  display: flex;
  -webkit-align-items: center;
  -webkit-box-align: center;
  -ms-flex-align: center;
  align-items: center;
  gap: 0.8rem;
  max-width: 30rem;
  width: 100%;
}

.c8 {
  display: grid;
  grid-template-columns: 1fr 1fr;
  gap: 1.6rem;
  max-width: 30rem;
  grid-template-areas: 'account account' 'donation receive' 'connections connections';
}

.c8 > *:first-child {
  grid-area: account;
}

.c8 > *:nth-child(2) {
  grid-area: donation;
}

.c8 > *:nth-child(3) {
  grid-area: receive;
}

.c3 {
  font-size: 8.0rem;
}

.c16 {
  color: #394338;
  font-size: 1.2rem;
  font-weight: 300;
  grid-area: connections;
}

.c13 {
  display: -webkit-box;
  display: -webkit-flex;
  display: -ms-flexbox;
  display: flex;
  -webkit-align-items: center;
  -webkit-box-align: center;
  -ms-flex-align: center;
  align-items: center;
  border-radius: 0.4rem;
  padding: 0.8rem;
  margin-left: auto;
  cursor: pointer;
}

@media (max-width:767px) {
  .c0 .c9:not(:first-child) {
    text-align: center;
    -webkit-flex-direction: column;
    -ms-flex-direction: column;
    flex-direction: column;
  }
}

@media (min-width:450px) {
  .c0 {
    gap: 2.4rem;
    padding: 2.4rem;
  }

  .c0 .c17 {
    margin-top: min(6vh,4.0rem);
  }
}

@media (min-width:768px) {
  .c0 {
    -webkit-align-items: flex-start;
    -webkit-box-align: flex-start;
    -ms-flex-align: flex-start;
    align-items: flex-start;
    gap: 4.0rem;
    padding: 1.6rem 4.8rem;
    -webkit-box-pack: end;
    -webkit-justify-content: flex-end;
    -ms-flex-pack: end;
    justify-content: flex-end;
  }

  .c0 .c1 {
    -webkit-flex: initial;
    -ms-flex: initial;
    flex: initial;
    -webkit-align-items: flex-start;
    -webkit-box-align: flex-start;
    -ms-flex-align: flex-start;
    align-items: flex-start;
  }

  .c0 .c4 {
    margin-top: 2.4rem;
  }

  .c0 .c7 {
    max-width: unset;
    grid-template-areas: 'account .' 'donation receive' 'connections .';
  }
}

@media (min-width:1440px) {
  .c0 {
    max-width: 88rem;
    margin: 0 auto;
  }
}

<div
  data-testid="Mock Page"
>
  <div
    class="c0"
  >
    <header
      class="c1 c2"
    >
      <h1
        class="c3"
      >
        Doe
      </h1>
      <h2>
        Conectando pessoas
      </h2>
    </header>
    <section
      class="c4 c5"
    >
      <div
        class="c6"
      >
        <svg
          aria-label="Doe"
          fill="none"
          height="100%"
          role="img"
          viewBox="0 0 107 107"
          width="100%"
          xmlns="http://www.w3.org/2000/svg"
        >
          <g
            filter="url(#logo1)"
          >
            <g
              filter="url(#logo2)"
            >
              <path
                d="M109.972 35.685c-1.875-27.12-31.403-37.407-50.619-21.509L70.602 24.93c9.373 13.56-2.813 24.314-16.873 16.833L30.763 65.142c-4.218 5.143.469 12.624 7.499 8.884l26.247-25.25 2.812 2.339-25.778 26.651c-3.281 5.611 2.343 11.222 8.905 7.482l25.31-25.25 3.28 2.338L53.26 88.521c-4.218 5.61 2.812 12.624 8.437 7.948l40.307-39.743c8.905-11.69 7.968-21.041 7.968-21.041Z"
                fill="#04D361"
              />
              <path
                d="m50.917 38.958-7.968-8.884-23.435 23.378c-5.624 5.144 1.875 15.43 8.905 8.417l22.498-22.911Z"
                fill="#04D361"
              />
              <path
                d="M54.666 13.709C49.511 9.5 34.981-.786 16.234 12.773-3.576 27.1 7.327 52.985 14.826 58.596c-.937-2.806 1.875-7.014 3.281-8.417l22.497-22.91-7.499-7.014 2.344-1.87 19.685 19.637C65.446 48.31 75.757 34.75 67.32 26.334c0 0-7.345-8.29-12.655-12.624Z"
                fill="#04D361"
              />
              <path
                d="M109.972 35.685c-1.875-27.12-31.403-37.407-50.619-21.509L70.602 24.93c9.373 13.56-2.813 24.314-16.873 16.833L30.763 65.142c-4.218 5.143.469 12.624 7.499 8.884l26.247-25.25 2.812 2.339-25.778 26.651c-3.281 5.611 2.343 11.222 8.905 7.482l25.31-25.25 3.28 2.338L53.26 88.521c-4.218 5.61 2.812 12.624 8.437 7.948l40.307-39.743c8.905-11.69 7.968-21.041 7.968-21.041Z"
                stroke="#000"
                stroke-width=".5"
              />
              <path
                d="m50.917 38.958-7.968-8.884-23.435 23.378c-5.624 5.144 1.875 15.43 8.905 8.417l22.498-22.911Z"
                stroke="#000"
                stroke-width=".5"
              />
              <path
                d="M54.666 13.709C49.511 9.5 34.981-.786 16.234 12.773-3.576 27.1 7.327 52.985 14.826 58.596c-.937-2.806 1.875-7.014 3.281-8.417l22.497-22.91-7.499-7.014 2.344-1.87 19.685 19.637C65.446 48.31 75.757 34.75 67.32 26.334c0 0-7.345-8.29-12.655-12.624Z"
                stroke="#000"
                stroke-width=".5"
              />
            </g>
          </g>
          <defs>
            <filter
              color-interpolation-filters="sRGB"
              filterUnits="userSpaceOnUse"
              height="100.5"
              id="logo1"
              width="254.17"
              x=".75"
              y="5.75"
            >
              <feflood
                flood-opacity="0"
                result="BackgroundImageFix"
              />
              <fecolormatrix
                in="SourceAlpha"
                result="hardAlpha"
                values="0 0 0 0 0 0 0 0 0 0 0 0 0 0 0 0 0 0 127 0"
              />
              <feoffset
                dy="4"
              />
              <fegaussianblur
                stdDeviation="2"
              />
              <fecolormatrix
                values="0 0 0 0 0 0 0 0 0 0 0 0 0 0 0 0 0 0 0.25 0"
              />
              <feblend
                in2="BackgroundImageFix"
                result="effect1_dropShadow"
              />
              <feblend
                in="SourceGraphic"
                in2="effect1_dropShadow"
                result="shape"
              />
            </filter>
            <filter
              color-interpolation-filters="sRGB"
              filterUnits="userSpaceOnUse"
              height="96.5"
              id="logo2"
              width="105.5"
              x="4.75"
              y="5.75"
            >
              <feflood
                flood-opacity="0"
                result="BackgroundImageFix"
              />
              <feblend
                in="SourceGraphic"
                in2="BackgroundImageFix"
                result="shape"
              />
              <fecolormatrix
                in="SourceAlpha"
                result="hardAlpha"
                values="0 0 0 0 0 0 0 0 0 0 0 0 0 0 0 0 0 0 127 0"
              />
              <feoffset
                dy="4"
              />
              <fegaussianblur
                stdDeviation="2"
              />
              <fecomposite
                in2="hardAlpha"
                k2="-1"
                k3="1"
                operator="arithmetic"
              />
              <fecolormatrix
                values="0 0 0 0 0 0 0 0 0 0 0 0 0 0 0 0 0 0 0.25 0"
              />
              <feblend
                in2="shape"
                result="effect1_innerShadow"
              />
              <fecolormatrix
                in="SourceAlpha"
                result="hardAlpha"
                values="0 0 0 0 0 0 0 0 0 0 0 0 0 0 0 0 0 0 127 0"
              />
              <feoffset />
              <fegaussianblur
                stdDeviation="5"
              />
              <fecomposite
                in2="hardAlpha"
                k2="-1"
                k3="1"
                operator="arithmetic"
              />
              <fecolormatrix
                values="0 0 0 0 0 0 0 0 0 0 0 0 0 0 0 0 0 0 0.25 0"
              />
              <feblend
                in2="effect1_innerShadow"
                result="effect2_innerShadow"
              />
            </filter>
          </defs>
        </svg>
      </div>
      <h3>
        Ol√°, 
        Allan
      </h3>
    </section>
    <main
      class="c7 c8"
    >
      <a
        class="c9 c10"
      >
        <img
          alt="Avatar do usu√°rio"
          class="c11"
          src="/img/avatar.svg"
        />
        <div
          class="c12"
        >
          <h4>
            Minha conta
          </h4>
        </div>
        <div
          class="c13"
          role="button"
        >
          <svg
            fill="none"
            height="20"
            stroke="currentColor"
            stroke-linecap="round"
            stroke-linejoin="round"
            stroke-width="2"
            viewBox="0 0 24 24"
            width="20"
            xmlns="http://www.w3.org/2000/svg"
          >
            <path
              d="M9 21H5a2 2 0 0 1-2-2V5a2 2 0 0 1 2-2h4"
            />
            <polyline
              points="16 17 21 12 16 7"
            />
            <line
              x1="21"
              x2="9"
              y1="12"
              y2="12"
            />
          </svg>
        </div>
      </a>
      <a
        class="c9 c10"
      >
        <img
          alt="Duas m√£os enviando um cora√ß√£o vende para cima"
          class="c14"
          src="/img/donation.svg"
        />
        <div
          class="c12"
        >
          <h3>
            Doar
          </h3>
          <p
            class="c15"
          >
            Ajude pessoas ou causas
          </p>
        </div>
      </a>
      <a
        class="c9 c10"
      >
        <img
          alt="Duas m√£os segurando um cora√ß√£o vende"
          class="c14"
          src="/img/receive.svg"
        />
        <div
          class="c12"
        >
          <h3>
            Encontrar
          </h3>
          <p
            class="c15"
          >
            Procure algo que voc√™ precisa
          </p>
        </div>
      </a>
      <p
        class="c16"
      >
        200
         pessoas conectadas
      </p>
    </main>
    <footer
      class="c17 c18"
    >
      <p
        class="c19"
      >
        Doe ¬© 2021, Nenhum direito reservado.
      </p>
    </footer>
  </div>
</div>
`
