// Jest Snapshot v1, https://goo.gl/fbAQLP

exports[`<Footer /> should render correctly 1`] = `
.c0 {
  color: #394338;
  width: -webkit-fit-content;
  width: -moz-fit-content;
  width: fit-content;
}

.c1 {
  font-size: 1.2rem;
}

<footer
  class="c0"
>
  <p
    class="c1"
  >
    Doe Â© 2021, Nenhum direito reservado.
  </p>
</footer>
`
