// Jest Snapshot v1, https://goo.gl/fbAQLP

exports[`<FormSignIn /> should render the form 1`] = `
.c5 {
  display: -webkit-box;
  display: -webkit-flex;
  display: -ms-flexbox;
  display: flex;
  background: #F2F3F5;
  border-radius: 0.2rem;
  padding: 0 1.6rem;
  border: 0.2rem solid;
  border-color: #F2F3F5;
}

.c5:focus-within {
  box-shadow: 0 0 0.5rem #04D361;
}

.c7 {
  color: #394338;
  font-family: Lato,-apple-system,BlinkMacSystemFont,'Segoe UI',Roboto,Oxygen,Ubuntu,Cantarell,'Open Sans','Helvetica Neue',sans-serif;
  font-size: 1.4rem;
  padding: 0.8rem 0;
  padding-left: 1.6rem;
  background: transparent;
  border: 0;
  outline: none;
  width: 100%;
}

.c7:-webkit-autofill {
  -webkit-box-shadow: 0 0 0 2.4rem #F2F3F5 inset;
  -webkit-filter: none;
  filter: none;
}

.c4 {
  font-size: 1.4rem;
  color: #394338;
  margin-bottom: 0.4rem;
  cursor: pointer;
}

.c6 {
  display: -webkit-box;
  display: -webkit-flex;
  display: -ms-flexbox;
  display: flex;
  -webkit-align-items: center;
  -webkit-box-align: center;
  -ms-flex-align: center;
  align-items: center;
  width: 2.2rem;
  color: #8F8F8F;
  -webkit-order: 0;
  -ms-flex-order: 0;
  order: 0;
}

.c6 > svg {
  width: 100%;
}

.c3 {
  display: -webkit-box;
  display: -webkit-flex;
  display: -ms-flexbox;
  display: flex;
  -webkit-flex-direction: column;
  -ms-flex-direction: column;
  flex-direction: column;
}

.c10 {
  display: -webkit-inline-box;
  display: -webkit-inline-flex;
  display: -ms-inline-flexbox;
  display: inline-flex;
  -webkit-align-items: center;
  -webkit-box-align: center;
  -ms-flex-align: center;
  align-items: center;
  -webkit-box-pack: center;
  -webkit-justify-content: center;
  -ms-flex-pack: center;
  justify-content: center;
  font-family: Lato,-apple-system,BlinkMacSystemFont,'Segoe UI',Roboto,Oxygen,Ubuntu,Cantarell,'Open Sans','Helvetica Neue',sans-serif;
  border: 0;
  cursor: pointer;
  border-radius: 0.6rem;
  padding: 0.8rem;
  -webkit-text-decoration: none;
  text-decoration: none;
  color: #FAFAFA;
  background: #04D361;
  height: 4rem;
  font-size: 1.4rem;
  font-weight: 700;
  padding: 0.8rem 3.2rem;
  width: 100%;
}

.c10:hover {
  background: #04AB4F;
}

.c0 {
  width: 100%;
}

.c0 .c2 {
  margin: 1.2rem 0;
}

.c0 .c9 {
  margin-top: 1.6rem;
}

.c1 {
  display: -webkit-box;
  display: -webkit-flex;
  display: -ms-flexbox;
  display: flex;
  -webkit-flex-direction: column;
  -ms-flex-direction: column;
  flex-direction: column;
}

.c8 {
  margin-top: 0.8rem;
  font-size: 1.2rem;
  color: #212D22;
  -webkit-text-decoration: underline;
  text-decoration: underline;
  text-align: end;
}

<body>
  <div>
    <form
      class="c0 c1"
    >
      <div
        class="c2 c3"
      >
        <label
          class="c4"
          for="username"
        >
          Email
        </label>
        <div
          class="c5"
        >
          <div
            class="c6"
          >
            <svg
              fill="none"
              height="24"
              stroke="currentColor"
              stroke-linecap="round"
              stroke-linejoin="round"
              stroke-width="2"
              viewBox="0 0 24 24"
              width="24"
              xmlns="http://www.w3.org/2000/svg"
            >
              <path
                d="M4 4h16c1.1 0 2 .9 2 2v12c0 1.1-.9 2-2 2H4c-1.1 0-2-.9-2-2V6c0-1.1.9-2 2-2z"
              />
              <polyline
                points="22,6 12,13 2,6"
              />
            </svg>
          </div>
          <input
            class="c7"
            id="username"
            name="username"
            placeholder="Ex: joao.silva@email.com"
            type="email"
            value=""
          />
        </div>
      </div>
      <div
        class="c2 c3"
      >
        <label
          class="c4"
          for="password"
        >
          Senha
        </label>
        <div
          class="c5"
        >
          <div
            class="c6"
          >
            <svg
              fill="none"
              height="24"
              stroke="currentColor"
              stroke-linecap="round"
              stroke-linejoin="round"
              stroke-width="2"
              viewBox="0 0 24 24"
              width="24"
              xmlns="http://www.w3.org/2000/svg"
            >
              <rect
                height="11"
                rx="2"
                ry="2"
                width="18"
                x="3"
                y="11"
              />
              <path
                d="M7 11V7a5 5 0 0 1 10 0v4"
              />
            </svg>
          </div>
          <input
            class="c7"
            id="password"
            name="password"
            placeholder="****"
            type="password"
            value=""
          />
        </div>
      </div>
      <a
        class="c8"
        href="#"
      >
        Esqueceu a sua senha?
      </a>
      <button
        class="c9 c10"
        type="submit"
      >
        <span>
          <span>
            ENTRAR
          </span>
        </span>
      </button>
    </form>
  </div>
</body>
`
