// Jest Snapshot v1, https://goo.gl/fbAQLP

exports[`<Toast /> should render the heading 1`] = `
.c0 {
  display: -webkit-box;
  display: -webkit-flex;
  display: -ms-flexbox;
  display: flex;
  min-height: 6.4rem;
  width: 100%;
  min-width: min(30rem,100vw);
  -webkit-animation: leftToRight 0.25s linear forwards;
  animation: leftToRight 0.25s linear forwards;
  box-shadow: 0px 0px 8px 2px rgba(0,0,0,0.15);
}

.c1 {
  display: -webkit-box;
  display: -webkit-flex;
  display: -ms-flexbox;
  display: flex;
  -webkit-align-items: center;
  -webkit-box-align: center;
  -ms-flex-align: center;
  align-items: center;
  -webkit-box-pack: center;
  -webkit-justify-content: center;
  -ms-flex-pack: center;
  justify-content: center;
  background: #2E2F42;
  border-top-left-radius: 0.6rem;
  border-bottom-left-radius: 0.6rem;
  width: 7rem;
}

.c1 svg {
  width: 3.2rem;
  height: 3.2rem;
}

.c1 svg {
  color: #04D361;
}

.c2 {
  -webkit-flex: 1;
  -ms-flex: 1;
  flex: 1;
  display: -webkit-box;
  display: -webkit-flex;
  display: -ms-flexbox;
  display: flex;
  -webkit-align-items: center;
  -webkit-box-align: center;
  -ms-flex-align: center;
  align-items: center;
  padding: 2.4rem 1.6rem;
  background: #F2F3F5;
}

.c3 {
  color: #394338;
  font-size: 1.4rem;
}

<div
  class="c0"
>
  <div
    class="c1"
    type="success"
  >
    <svg
      fill="none"
      height="24"
      stroke="currentColor"
      stroke-linecap="round"
      stroke-linejoin="round"
      stroke-width="2"
      viewBox="0 0 24 24"
      width="24"
      xmlns="http://www.w3.org/2000/svg"
    >
      <polyline
        points="20 6 9 17 4 12"
      />
    </svg>
  </div>
  <div
    class="c2"
  >
    <p
      class="c3"
    >
      Teste message
    </p>
  </div>
</div>
`
