// Jest Snapshot v1, https://goo.gl/fbAQLP

exports[`<Input /> Renders with error 1`] = `
.c4 {
  display: -webkit-box;
  display: -webkit-flex;
  display: -ms-flexbox;
  display: flex;
  background: #F2F3F5;
  border-radius: 0.2rem;
  padding: 0 1.6rem;
  border: 0.2rem solid;
  border-color: #F2F3F5;
}

.c4:focus-within {
  box-shadow: 0 0 0.5rem #04D361;
}

.c7 {
  color: #394338;
  font-family: Lato,-apple-system,BlinkMacSystemFont,'Segoe UI',Roboto,Oxygen,Ubuntu,Cantarell,'Open Sans','Helvetica Neue',sans-serif;
  font-size: 1.4rem;
  padding: 0.8rem 0;
  padding-left: 1.6rem;
  background: transparent;
  border: 0;
  outline: none;
  width: 100%;
}

.c7:-webkit-autofill {
  -webkit-box-shadow: 0 0 0 2.4rem #F2F3F5 inset;
  -webkit-filter: none;
  filter: none;
}

.c2 {
  font-size: 1.4rem;
  color: #394338;
  margin-bottom: 0.4rem;
  cursor: pointer;
}

.c6 {
  display: -webkit-box;
  display: -webkit-flex;
  display: -ms-flexbox;
  display: flex;
  -webkit-align-items: center;
  -webkit-box-align: center;
  -ms-flex-align: center;
  align-items: center;
  width: 2.2rem;
  color: #8F8F8F;
  -webkit-order: 0;
  -ms-flex-order: 0;
  order: 0;
}

.c6 > svg {
  width: 100%;
}

.c8 {
  color: #E33D3D;
  font-size: 1.2rem;
}

.c0 {
  display: -webkit-box;
  display: -webkit-flex;
  display: -ms-flexbox;
  display: flex;
  -webkit-flex-direction: column;
  -ms-flex-direction: column;
  flex-direction: column;
}

.c0 .c3 {
  border-color: #E33D3D;
}

.c0 .c5,
.c0 .c1 {
  color: #E33D3D;
}

<div
  class="c0"
>
  <label
    class="c1 c2"
  >
    Input
  </label>
  <div
    class="c3 c4"
  >
    <div
      class="c5 c6"
    >
      <svg
        data-testid="icon"
        fill="none"
        height="24"
        stroke="currentColor"
        stroke-linecap="round"
        stroke-linejoin="round"
        stroke-width="2"
        viewBox="0 0 24 24"
        width="24"
        xmlns="http://www.w3.org/2000/svg"
      >
        <path
          d="M4 4h16c1.1 0 2 .9 2 2v12c0 1.1-.9 2-2 2H4c-1.1 0-2-.9-2-2V6c0-1.1.9-2 2-2z"
        />
        <polyline
          points="22,6 12,13 2,6"
        />
      </svg>
    </div>
    <input
      class="c7"
      type="text"
      value=""
    />
  </div>
  <p
    class="c8"
  >
    Error message
  </p>
</div>
`
