// Jest Snapshot v1, https://goo.gl/fbAQLP

exports[`<Logo /> should render the logo 1`] = `
.c0 {
  width: 8rem;
  height: 7rem;
}

<div
  class="c0"
>
  <svg
    aria-label="Doe"
    fill="none"
    height="100%"
    role="img"
    viewBox="0 0 107 107"
    width="100%"
    xmlns="http://www.w3.org/2000/svg"
  >
    <g
      filter="url(#logo1)"
    >
      <g
        filter="url(#logo2)"
      >
        <path
          d="M109.972 35.685c-1.875-27.12-31.403-37.407-50.619-21.509L70.602 24.93c9.373 13.56-2.813 24.314-16.873 16.833L30.763 65.142c-4.218 5.143.469 12.624 7.499 8.884l26.247-25.25 2.812 2.339-25.778 26.651c-3.281 5.611 2.343 11.222 8.905 7.482l25.31-25.25 3.28 2.338L53.26 88.521c-4.218 5.61 2.812 12.624 8.437 7.948l40.307-39.743c8.905-11.69 7.968-21.041 7.968-21.041Z"
          fill="#04D361"
        />
        <path
          d="m50.917 38.958-7.968-8.884-23.435 23.378c-5.624 5.144 1.875 15.43 8.905 8.417l22.498-22.911Z"
          fill="#04D361"
        />
        <path
          d="M54.666 13.709C49.511 9.5 34.981-.786 16.234 12.773-3.576 27.1 7.327 52.985 14.826 58.596c-.937-2.806 1.875-7.014 3.281-8.417l22.497-22.91-7.499-7.014 2.344-1.87 19.685 19.637C65.446 48.31 75.757 34.75 67.32 26.334c0 0-7.345-8.29-12.655-12.624Z"
          fill="#04D361"
        />
        <path
          d="M109.972 35.685c-1.875-27.12-31.403-37.407-50.619-21.509L70.602 24.93c9.373 13.56-2.813 24.314-16.873 16.833L30.763 65.142c-4.218 5.143.469 12.624 7.499 8.884l26.247-25.25 2.812 2.339-25.778 26.651c-3.281 5.611 2.343 11.222 8.905 7.482l25.31-25.25 3.28 2.338L53.26 88.521c-4.218 5.61 2.812 12.624 8.437 7.948l40.307-39.743c8.905-11.69 7.968-21.041 7.968-21.041Z"
          stroke="#000"
          stroke-width=".5"
        />
        <path
          d="m50.917 38.958-7.968-8.884-23.435 23.378c-5.624 5.144 1.875 15.43 8.905 8.417l22.498-22.911Z"
          stroke="#000"
          stroke-width=".5"
        />
        <path
          d="M54.666 13.709C49.511 9.5 34.981-.786 16.234 12.773-3.576 27.1 7.327 52.985 14.826 58.596c-.937-2.806 1.875-7.014 3.281-8.417l22.497-22.91-7.499-7.014 2.344-1.87 19.685 19.637C65.446 48.31 75.757 34.75 67.32 26.334c0 0-7.345-8.29-12.655-12.624Z"
          stroke="#000"
          stroke-width=".5"
        />
      </g>
    </g>
    <defs>
      <filter
        color-interpolation-filters="sRGB"
        filterUnits="userSpaceOnUse"
        height="100.5"
        id="logo1"
        width="254.17"
        x=".75"
        y="5.75"
      >
        <feflood
          flood-opacity="0"
          result="BackgroundImageFix"
        />
        <fecolormatrix
          in="SourceAlpha"
          result="hardAlpha"
          values="0 0 0 0 0 0 0 0 0 0 0 0 0 0 0 0 0 0 127 0"
        />
        <feoffset
          dy="4"
        />
        <fegaussianblur
          stdDeviation="2"
        />
        <fecolormatrix
          values="0 0 0 0 0 0 0 0 0 0 0 0 0 0 0 0 0 0 0.25 0"
        />
        <feblend
          in2="BackgroundImageFix"
          result="effect1_dropShadow"
        />
        <feblend
          in="SourceGraphic"
          in2="effect1_dropShadow"
          result="shape"
        />
      </filter>
      <filter
        color-interpolation-filters="sRGB"
        filterUnits="userSpaceOnUse"
        height="96.5"
        id="logo2"
        width="105.5"
        x="4.75"
        y="5.75"
      >
        <feflood
          flood-opacity="0"
          result="BackgroundImageFix"
        />
        <feblend
          in="SourceGraphic"
          in2="BackgroundImageFix"
          result="shape"
        />
        <fecolormatrix
          in="SourceAlpha"
          result="hardAlpha"
          values="0 0 0 0 0 0 0 0 0 0 0 0 0 0 0 0 0 0 127 0"
        />
        <feoffset
          dy="4"
        />
        <fegaussianblur
          stdDeviation="2"
        />
        <fecomposite
          in2="hardAlpha"
          k2="-1"
          k3="1"
          operator="arithmetic"
        />
        <fecolormatrix
          values="0 0 0 0 0 0 0 0 0 0 0 0 0 0 0 0 0 0 0.25 0"
        />
        <feblend
          in2="shape"
          result="effect1_innerShadow"
        />
        <fecolormatrix
          in="SourceAlpha"
          result="hardAlpha"
          values="0 0 0 0 0 0 0 0 0 0 0 0 0 0 0 0 0 0 127 0"
        />
        <feoffset />
        <fegaussianblur
          stdDeviation="5"
        />
        <fecomposite
          in2="hardAlpha"
          k2="-1"
          k3="1"
          operator="arithmetic"
        />
        <fecolormatrix
          values="0 0 0 0 0 0 0 0 0 0 0 0 0 0 0 0 0 0 0.25 0"
        />
        <feblend
          in2="effect1_innerShadow"
          result="effect2_innerShadow"
        />
      </filter>
    </defs>
  </svg>
</div>
`
